<html>
<body>
<pre>
<h1>礦ision Build Log</h1>
<h2>Tool Versions:</h2>
IDE-Version: μVision V5.14.0.0
Copyright (C) 2015 ARM Ltd and ARM Germany GmbH. All rights reserved.
License Information: a Microsoft, Microsoft, LIC=ATT9U-SNR5S-0ZWWZ-JWW1G-G59I1-VXTP4
 
Tool Versions:
Toolchain:       MDK-ARM Standard  Version: 5.14.0.0
Toolchain Path:  C:\Keil_v5\ARM\ARMCC\Bin
C Compiler:      Armcc.exe V5.05 update 1 (build 106)
Assembler:       Armasm.exe V5.05 update 1 (build 106)
Linker/Locator:  ArmLink.exe V5.05 update 1 (build 106)
Library Manager: ArmAr.exe V5.05 update 1 (build 106)
Hex Converter:   FromElf.exe V5.05 update 1 (build 106)
CPU DLL:         SARMCM3.DLL V5.14.0.0
Dialog DLL:      DCM.DLL V1.13.1.0
Target DLL:      STLink\ST-LINKIII-KEIL_SWO.dll V2.0.14.0_KEIL
Dialog DLL:      TCM.DLL V1.14.4.0
 
<h2>Project:</h2>
C:\Users\mickey\Desktop\NB-module\program\20180420-V2-节点2注册传输\STM32L1xx_StdPeriph_Lib_V1.3.1\Project\Test\MDK-ARM\Project.uvprojx
Project File Date:  04/19/2018

<h2>Output:</h2>
Rebuild target 'STM32L1XX_MD(STM32L1xxxBxx)'
compiling main.c...
..\main.c(110): warning:  #167-D: argument of type "int8_t *" is incompatible with parameter of type "uint8_t *"
                        BC95_Senddata(RxCounter1,sendata);                      //发送测试数据
..\main.c: 1 warning, 0 errors
compiling stm32l1xx_it.c...
compiling BC95.c...
compiling misc.c...
compiling stm32l1xx_adc.c...
compiling stm32l1xx_aes.c...
compiling stm32l1xx_comp.c...
compiling stm32l1xx_crc.c...
compiling stm32l1xx_dac.c...
compiling stm32l1xx_dbgmcu.c...
compiling stm32l1xx_dma.c...
compiling stm32l1xx_exti.c...
compiling stm32l1xx_flash.c...
compiling stm32l1xx_flash_ramfunc.c...
compiling stm32l1xx_fsmc.c...
compiling stm32l1xx_gpio.c...
compiling stm32l1xx_i2c.c...
compiling stm32l1xx_iwdg.c...
compiling stm32l1xx_lcd.c...
compiling stm32l1xx_opamp.c...
compiling stm32l1xx_pwr.c...
compiling stm32l1xx_rcc.c...
compiling stm32l1xx_rtc.c...
compiling stm32l1xx_sdio.c...
compiling stm32l1xx_spi.c...
compiling stm32l1xx_syscfg.c...
compiling stm32l1xx_tim.c...
compiling stm32l1xx_usart.c...
compiling stm32l1xx_wwdg.c...
compiling stm32l1xx_aes_util.c...
compiling system_stm32l1xx.c...
assembling startup_stm32l1xx_md.s...
compiling usart.c...
compiling timer.c...
compiling LED.c...
linking...
Program Size: Code=5260 RO-data=276 RW-data=88 ZI-data=1344  
FromELF: creating hex file...
".\STM32L152-EVAL\STM32L152-EVAL.axf" - 0 Error(s), 1 Warning(s).

<h2>Collection of Component include folders:</h2>
  C:\Users\mickey\Desktop\NB-module\program\20180420-V2-节点2注册传输\STM32L1xx_StdPeriph_Lib_V1.3.1\Project\Test\MDK-ARM\RTE
  C:\Keil_v5\ARM\PACK\Keil\STM32L1xx_DFP\1.2.0

<h2>Collection of Component Files used:</h2>
</pre>
</body>
</html>
